 
****************************************
check_design summary:
Version:     V-2023.12
Date:        Sun May  5 17:43:52 2024
****************************************

                   Name                                            Total
--------------------------------------------------------------------------------
Inputs/Outputs                                                      1
    Constant outputs (LINT-52)                                      1

Cells                                                             354
    Cells do not drive (LINT-1)                                   354

Nets                                                               24
    Unloaded nets (LINT-2)                                         24
--------------------------------------------------------------------------------

Warning: In design 'b18', cell 'P1/C524' does not drive any nets. (LINT-1)
Warning: In design 'b18', cell 'P2/C524' does not drive any nets. (LINT-1)
Warning: In design 'b18', cell 'P1/P1/C11113' does not drive any nets. (LINT-1)
Warning: In design 'b18', cell 'P1/P1/C11087' does not drive any nets. (LINT-1)
Warning: In design 'b18', cell 'P1/P1/C11084' does not drive any nets. (LINT-1)
Warning: In design 'b18', cell 'P1/P1/C11077' does not drive any nets. (LINT-1)
Warning: In design 'b18', cell 'P1/P1/C11022' does not drive any nets. (LINT-1)
Warning: In design 'b18', cell 'P1/P1/C11005' does not drive any nets. (LINT-1)
Warning: In design 'b18', cell 'P1/P1/C10988' does not drive any nets. (LINT-1)
Warning: In design 'b18', cell 'P1/P1/C10966' does not drive any nets. (LINT-1)
Warning: In design 'b18', cell 'P1/P1/C10949' does not drive any nets. (LINT-1)
Warning: In design 'b18', cell 'P1/P1/C10946' does not drive any nets. (LINT-1)
Warning: In design 'b18', cell 'P1/P1/C10936' does not drive any nets. (LINT-1)
Warning: In design 'b18', cell 'P1/P1/C10930' does not drive any nets. (LINT-1)
Warning: In design 'b18', cell 'P1/P1/C10929' does not drive any nets. (LINT-1)
Warning: In design 'b18', cell 'P1/P1/C10880' does not drive any nets. (LINT-1)
Warning: In design 'b18', cell 'P1/P1/C10813' does not drive any nets. (LINT-1)
Warning: In design 'b18', cell 'P1/P1/C10810' does not drive any nets. (LINT-1)
Warning: In design 'b18', cell 'P1/P1/C10809' does not drive any nets. (LINT-1)
Warning: In design 'b18', cell 'P1/P1/C10744' does not drive any nets. (LINT-1)
Warning: In design 'b18', cell 'P1/P1/C10741' does not drive any nets. (LINT-1)
Warning: In design 'b18', cell 'P1/P1/C10734' does not drive any nets. (LINT-1)
Warning: In design 'b18', cell 'P1/P1/C10727' does not drive any nets. (LINT-1)
Warning: In design 'b18', cell 'P1/P1/C10697' does not drive any nets. (LINT-1)
Warning: In design 'b18', cell 'P1/P1/C10696' does not drive any nets. (LINT-1)
Warning: In design 'b18', cell 'P1/P1/C10695' does not drive any nets. (LINT-1)
Warning: In design 'b18', cell 'P1/P1/C10694' does not drive any nets. (LINT-1)
Warning: In design 'b18', cell 'P1/P1/C10693' does not drive any nets. (LINT-1)
Warning: In design 'b18', cell 'P1/P1/C10639' does not drive any nets. (LINT-1)
Warning: In design 'b18', cell 'P1/P1/C10637' does not drive any nets. (LINT-1)
Warning: In design 'b18', cell 'P1/P1/C10576' does not drive any nets. (LINT-1)
Warning: In design 'b18', cell 'P1/P1/C10515' does not drive any nets. (LINT-1)
Warning: In design 'b18', cell 'P1/P1/C10452' does not drive any nets. (LINT-1)
Warning: In design 'b18', cell 'P1/P2/C11113' does not drive any nets. (LINT-1)
Warning: In design 'b18', cell 'P1/P2/C11087' does not drive any nets. (LINT-1)
Warning: In design 'b18', cell 'P1/P2/C11084' does not drive any nets. (LINT-1)
Warning: In design 'b18', cell 'P1/P2/C11077' does not drive any nets. (LINT-1)
Warning: In design 'b18', cell 'P1/P2/C11022' does not drive any nets. (LINT-1)
Warning: In design 'b18', cell 'P1/P2/C11005' does not drive any nets. (LINT-1)
Warning: In design 'b18', cell 'P1/P2/C10988' does not drive any nets. (LINT-1)
Warning: In design 'b18', cell 'P1/P2/C10966' does not drive any nets. (LINT-1)
Warning: In design 'b18', cell 'P1/P2/C10949' does not drive any nets. (LINT-1)
Warning: In design 'b18', cell 'P1/P2/C10946' does not drive any nets. (LINT-1)
Warning: In design 'b18', cell 'P1/P2/C10936' does not drive any nets. (LINT-1)
Warning: In design 'b18', cell 'P1/P2/C10930' does not drive any nets. (LINT-1)
Warning: In design 'b18', cell 'P1/P2/C10929' does not drive any nets. (LINT-1)
Warning: In design 'b18', cell 'P1/P2/C10880' does not drive any nets. (LINT-1)
Warning: In design 'b18', cell 'P1/P2/C10813' does not drive any nets. (LINT-1)
Warning: In design 'b18', cell 'P1/P2/C10810' does not drive any nets. (LINT-1)
Warning: In design 'b18', cell 'P1/P2/C10809' does not drive any nets. (LINT-1)
Warning: In design 'b18', cell 'P1/P2/C10744' does not drive any nets. (LINT-1)
Warning: In design 'b18', cell 'P1/P2/C10741' does not drive any nets. (LINT-1)
Warning: In design 'b18', cell 'P1/P2/C10734' does not drive any nets. (LINT-1)
Warning: In design 'b18', cell 'P1/P2/C10727' does not drive any nets. (LINT-1)
Warning: In design 'b18', cell 'P1/P2/C10697' does not drive any nets. (LINT-1)
Warning: In design 'b18', cell 'P1/P2/C10696' does not drive any nets. (LINT-1)
Warning: In design 'b18', cell 'P1/P2/C10695' does not drive any nets. (LINT-1)
Warning: In design 'b18', cell 'P1/P2/C10694' does not drive any nets. (LINT-1)
Warning: In design 'b18', cell 'P1/P2/C10693' does not drive any nets. (LINT-1)
Warning: In design 'b18', cell 'P1/P2/C10639' does not drive any nets. (LINT-1)
Warning: In design 'b18', cell 'P1/P2/C10637' does not drive any nets. (LINT-1)
Warning: In design 'b18', cell 'P1/P2/C10576' does not drive any nets. (LINT-1)
Warning: In design 'b18', cell 'P1/P2/C10515' does not drive any nets. (LINT-1)
Warning: In design 'b18', cell 'P1/P2/C10452' does not drive any nets. (LINT-1)
Warning: In design 'b18', cell 'P1/P3/C11113' does not drive any nets. (LINT-1)
Warning: In design 'b18', cell 'P1/P3/C11087' does not drive any nets. (LINT-1)
Warning: In design 'b18', cell 'P1/P3/C11084' does not drive any nets. (LINT-1)
Warning: In design 'b18', cell 'P1/P3/C11077' does not drive any nets. (LINT-1)
Warning: In design 'b18', cell 'P1/P3/C11022' does not drive any nets. (LINT-1)
Warning: In design 'b18', cell 'P1/P3/C11005' does not drive any nets. (LINT-1)
Warning: In design 'b18', cell 'P1/P3/C10988' does not drive any nets. (LINT-1)
Warning: In design 'b18', cell 'P1/P3/C10966' does not drive any nets. (LINT-1)
Warning: In design 'b18', cell 'P1/P3/C10949' does not drive any nets. (LINT-1)
Warning: In design 'b18', cell 'P1/P3/C10946' does not drive any nets. (LINT-1)
Warning: In design 'b18', cell 'P1/P3/C10936' does not drive any nets. (LINT-1)
Warning: In design 'b18', cell 'P1/P3/C10930' does not drive any nets. (LINT-1)
Warning: In design 'b18', cell 'P1/P3/C10929' does not drive any nets. (LINT-1)
Warning: In design 'b18', cell 'P1/P3/C10880' does not drive any nets. (LINT-1)
Warning: In design 'b18', cell 'P1/P3/C10813' does not drive any nets. (LINT-1)
Warning: In design 'b18', cell 'P1/P3/C10810' does not drive any nets. (LINT-1)
Warning: In design 'b18', cell 'P1/P3/C10809' does not drive any nets. (LINT-1)
Warning: In design 'b18', cell 'P1/P3/C10744' does not drive any nets. (LINT-1)
Warning: In design 'b18', cell 'P1/P3/C10741' does not drive any nets. (LINT-1)
Warning: In design 'b18', cell 'P1/P3/C10734' does not drive any nets. (LINT-1)
Warning: In design 'b18', cell 'P1/P3/C10727' does not drive any nets. (LINT-1)
Warning: In design 'b18', cell 'P1/P3/C10697' does not drive any nets. (LINT-1)
Warning: In design 'b18', cell 'P1/P3/C10696' does not drive any nets. (LINT-1)
Warning: In design 'b18', cell 'P1/P3/C10695' does not drive any nets. (LINT-1)
Warning: In design 'b18', cell 'P1/P3/C10694' does not drive any nets. (LINT-1)
Warning: In design 'b18', cell 'P1/P3/C10693' does not drive any nets. (LINT-1)
Warning: In design 'b18', cell 'P1/P3/C10639' does not drive any nets. (LINT-1)
Warning: In design 'b18', cell 'P1/P3/C10637' does not drive any nets. (LINT-1)
Warning: In design 'b18', cell 'P1/P3/C10576' does not drive any nets. (LINT-1)
Warning: In design 'b18', cell 'P1/P3/C10515' does not drive any nets. (LINT-1)
Warning: In design 'b18', cell 'P1/P3/C10452' does not drive any nets. (LINT-1)
Warning: In design 'b18', cell 'P2/P1/C11113' does not drive any nets. (LINT-1)
Warning: In design 'b18', cell 'P2/P1/C11087' does not drive any nets. (LINT-1)
Warning: In design 'b18', cell 'P2/P1/C11084' does not drive any nets. (LINT-1)
Warning: In design 'b18', cell 'P2/P1/C11077' does not drive any nets. (LINT-1)
Warning: In design 'b18', cell 'P2/P1/C11022' does not drive any nets. (LINT-1)
Warning: In design 'b18', cell 'P2/P1/C11005' does not drive any nets. (LINT-1)
Warning: In design 'b18', cell 'P2/P1/C10988' does not drive any nets. (LINT-1)
Warning: In design 'b18', cell 'P2/P1/C10966' does not drive any nets. (LINT-1)
Warning: In design 'b18', cell 'P2/P1/C10949' does not drive any nets. (LINT-1)
Warning: In design 'b18', cell 'P2/P1/C10946' does not drive any nets. (LINT-1)
Warning: In design 'b18', cell 'P2/P1/C10936' does not drive any nets. (LINT-1)
Warning: In design 'b18', cell 'P2/P1/C10930' does not drive any nets. (LINT-1)
Warning: In design 'b18', cell 'P2/P1/C10929' does not drive any nets. (LINT-1)
Warning: In design 'b18', cell 'P2/P1/C10880' does not drive any nets. (LINT-1)
Warning: In design 'b18', cell 'P2/P1/C10813' does not drive any nets. (LINT-1)
Warning: In design 'b18', cell 'P2/P1/C10810' does not drive any nets. (LINT-1)
Warning: In design 'b18', cell 'P2/P1/C10809' does not drive any nets. (LINT-1)
Warning: In design 'b18', cell 'P2/P1/C10744' does not drive any nets. (LINT-1)
Warning: In design 'b18', cell 'P2/P1/C10741' does not drive any nets. (LINT-1)
Warning: In design 'b18', cell 'P2/P1/C10734' does not drive any nets. (LINT-1)
Warning: In design 'b18', cell 'P2/P1/C10727' does not drive any nets. (LINT-1)
Warning: In design 'b18', cell 'P2/P1/C10697' does not drive any nets. (LINT-1)
Warning: In design 'b18', cell 'P2/P1/C10696' does not drive any nets. (LINT-1)
Warning: In design 'b18', cell 'P2/P1/C10695' does not drive any nets. (LINT-1)
Warning: In design 'b18', cell 'P2/P1/C10694' does not drive any nets. (LINT-1)
Warning: In design 'b18', cell 'P2/P1/C10693' does not drive any nets. (LINT-1)
Warning: In design 'b18', cell 'P2/P1/C10639' does not drive any nets. (LINT-1)
Warning: In design 'b18', cell 'P2/P1/C10637' does not drive any nets. (LINT-1)
Warning: In design 'b18', cell 'P2/P1/C10576' does not drive any nets. (LINT-1)
Warning: In design 'b18', cell 'P2/P1/C10515' does not drive any nets. (LINT-1)
Warning: In design 'b18', cell 'P2/P1/C10452' does not drive any nets. (LINT-1)
Warning: In design 'b18', cell 'P2/P2/C11113' does not drive any nets. (LINT-1)
Warning: In design 'b18', cell 'P2/P2/C11087' does not drive any nets. (LINT-1)
Warning: In design 'b18', cell 'P2/P2/C11084' does not drive any nets. (LINT-1)
Warning: In design 'b18', cell 'P2/P2/C11077' does not drive any nets. (LINT-1)
Warning: In design 'b18', cell 'P2/P2/C11022' does not drive any nets. (LINT-1)
Warning: In design 'b18', cell 'P2/P2/C11005' does not drive any nets. (LINT-1)
Warning: In design 'b18', cell 'P2/P2/C10988' does not drive any nets. (LINT-1)
Warning: In design 'b18', cell 'P2/P2/C10966' does not drive any nets. (LINT-1)
Warning: In design 'b18', cell 'P2/P2/C10949' does not drive any nets. (LINT-1)
Warning: In design 'b18', cell 'P2/P2/C10946' does not drive any nets. (LINT-1)
Warning: In design 'b18', cell 'P2/P2/C10936' does not drive any nets. (LINT-1)
Warning: In design 'b18', cell 'P2/P2/C10930' does not drive any nets. (LINT-1)
Warning: In design 'b18', cell 'P2/P2/C10929' does not drive any nets. (LINT-1)
Warning: In design 'b18', cell 'P2/P2/C10880' does not drive any nets. (LINT-1)
Warning: In design 'b18', cell 'P2/P2/C10813' does not drive any nets. (LINT-1)
Warning: In design 'b18', cell 'P2/P2/C10810' does not drive any nets. (LINT-1)
Warning: In design 'b18', cell 'P2/P2/C10809' does not drive any nets. (LINT-1)
Warning: In design 'b18', cell 'P2/P2/C10744' does not drive any nets. (LINT-1)
Warning: In design 'b18', cell 'P2/P2/C10741' does not drive any nets. (LINT-1)
Warning: In design 'b18', cell 'P2/P2/C10734' does not drive any nets. (LINT-1)
Warning: In design 'b18', cell 'P2/P2/C10727' does not drive any nets. (LINT-1)
Warning: In design 'b18', cell 'P2/P2/C10697' does not drive any nets. (LINT-1)
Warning: In design 'b18', cell 'P2/P2/C10696' does not drive any nets. (LINT-1)
Warning: In design 'b18', cell 'P2/P2/C10695' does not drive any nets. (LINT-1)
Warning: In design 'b18', cell 'P2/P2/C10694' does not drive any nets. (LINT-1)
Warning: In design 'b18', cell 'P2/P2/C10693' does not drive any nets. (LINT-1)
Warning: In design 'b18', cell 'P2/P2/C10639' does not drive any nets. (LINT-1)
Warning: In design 'b18', cell 'P2/P2/C10637' does not drive any nets. (LINT-1)
Warning: In design 'b18', cell 'P2/P2/C10576' does not drive any nets. (LINT-1)
Warning: In design 'b18', cell 'P2/P2/C10515' does not drive any nets. (LINT-1)
Warning: In design 'b18', cell 'P2/P2/C10452' does not drive any nets. (LINT-1)
Warning: In design 'b18', cell 'P2/P3/C11113' does not drive any nets. (LINT-1)
Warning: In design 'b18', cell 'P2/P3/C11087' does not drive any nets. (LINT-1)
Warning: In design 'b18', cell 'P2/P3/C11084' does not drive any nets. (LINT-1)
Warning: In design 'b18', cell 'P2/P3/C11077' does not drive any nets. (LINT-1)
Warning: In design 'b18', cell 'P2/P3/C11022' does not drive any nets. (LINT-1)
Warning: In design 'b18', cell 'P2/P3/C11005' does not drive any nets. (LINT-1)
Warning: In design 'b18', cell 'P2/P3/C10988' does not drive any nets. (LINT-1)
Warning: In design 'b18', cell 'P2/P3/C10966' does not drive any nets. (LINT-1)
Warning: In design 'b18', cell 'P2/P3/C10949' does not drive any nets. (LINT-1)
Warning: In design 'b18', cell 'P2/P3/C10946' does not drive any nets. (LINT-1)
Warning: In design 'b18', cell 'P2/P3/C10936' does not drive any nets. (LINT-1)
Warning: In design 'b18', cell 'P2/P3/C10930' does not drive any nets. (LINT-1)
Warning: In design 'b18', cell 'P2/P3/C10929' does not drive any nets. (LINT-1)
Warning: In design 'b18', cell 'P2/P3/C10880' does not drive any nets. (LINT-1)
Warning: In design 'b18', cell 'P2/P3/C10813' does not drive any nets. (LINT-1)
Warning: In design 'b18', cell 'P2/P3/C10810' does not drive any nets. (LINT-1)
Warning: In design 'b18', cell 'P2/P3/C10809' does not drive any nets. (LINT-1)
Warning: In design 'b18', cell 'P2/P3/C10744' does not drive any nets. (LINT-1)
Warning: In design 'b18', cell 'P2/P3/C10741' does not drive any nets. (LINT-1)
Warning: In design 'b18', cell 'P2/P3/C10734' does not drive any nets. (LINT-1)
Warning: In design 'b18', cell 'P2/P3/C10727' does not drive any nets. (LINT-1)
Warning: In design 'b18', cell 'P2/P3/C10697' does not drive any nets. (LINT-1)
Warning: In design 'b18', cell 'P2/P3/C10696' does not drive any nets. (LINT-1)
Warning: In design 'b18', cell 'P2/P3/C10695' does not drive any nets. (LINT-1)
Warning: In design 'b18', cell 'P2/P3/C10694' does not drive any nets. (LINT-1)
Warning: In design 'b18', cell 'P2/P3/C10693' does not drive any nets. (LINT-1)
Warning: In design 'b18', cell 'P2/P3/C10639' does not drive any nets. (LINT-1)
Warning: In design 'b18', cell 'P2/P3/C10637' does not drive any nets. (LINT-1)
Warning: In design 'b18', cell 'P2/P3/C10576' does not drive any nets. (LINT-1)
Warning: In design 'b18', cell 'P2/P3/C10515' does not drive any nets. (LINT-1)
Warning: In design 'b18', cell 'P2/P3/C10452' does not drive any nets. (LINT-1)
Warning: In design 'b18', cell 'P3/C17885' does not drive any nets. (LINT-1)
Warning: In design 'b18', cell 'P3/C17879' does not drive any nets. (LINT-1)
Warning: In design 'b18', cell 'P3/C17873' does not drive any nets. (LINT-1)
Warning: In design 'b18', cell 'P3/C17869' does not drive any nets. (LINT-1)
Warning: In design 'b18', cell 'P3/C17865' does not drive any nets. (LINT-1)
Warning: In design 'b18', cell 'P3/C17862' does not drive any nets. (LINT-1)
Warning: In design 'b18', cell 'P3/C17858' does not drive any nets. (LINT-1)
Warning: In design 'b18', cell 'P3/C17855' does not drive any nets. (LINT-1)
Warning: In design 'b18', cell 'P3/C17852' does not drive any nets. (LINT-1)
Warning: In design 'b18', cell 'P3/C17847' does not drive any nets. (LINT-1)
Warning: In design 'b18', cell 'P3/C17842' does not drive any nets. (LINT-1)
Warning: In design 'b18', cell 'P3/C17839' does not drive any nets. (LINT-1)
Warning: In design 'b18', cell 'P3/C17836' does not drive any nets. (LINT-1)
Warning: In design 'b18', cell 'P3/C17834' does not drive any nets. (LINT-1)
Warning: In design 'b18', cell 'P3/C17831' does not drive any nets. (LINT-1)
Warning: In design 'b18', cell 'P3/C17829' does not drive any nets. (LINT-1)
Warning: In design 'b18', cell 'P3/C17812' does not drive any nets. (LINT-1)
Warning: In design 'b18', cell 'P3/C17811' does not drive any nets. (LINT-1)
Warning: In design 'b18', cell 'P3/C17806' does not drive any nets. (LINT-1)
Warning: In design 'b18', cell 'P3/C17632' does not drive any nets. (LINT-1)
Warning: In design 'b18', cell 'P3/C17630' does not drive any nets. (LINT-1)
Warning: In design 'b18', cell 'P3/C17624' does not drive any nets. (LINT-1)
Warning: In design 'b18', cell 'P3/C17623' does not drive any nets. (LINT-1)
Warning: In design 'b18', cell 'P3/C17622' does not drive any nets. (LINT-1)
Warning: In design 'b18', cell 'P3/C17621' does not drive any nets. (LINT-1)
Warning: In design 'b18', cell 'P3/C17451' does not drive any nets. (LINT-1)
Warning: In design 'b18', cell 'P3/C17450' does not drive any nets. (LINT-1)
Warning: In design 'b18', cell 'P3/C17444' does not drive any nets. (LINT-1)
Warning: In design 'b18', cell 'P3/C17443' does not drive any nets. (LINT-1)
Warning: In design 'b18', cell 'P3/C17442' does not drive any nets. (LINT-1)
Warning: In design 'b18', cell 'P3/C17441' does not drive any nets. (LINT-1)
Warning: In design 'b18', cell 'P3/C17271' does not drive any nets. (LINT-1)
Warning: In design 'b18', cell 'P3/C17270' does not drive any nets. (LINT-1)
Warning: In design 'b18', cell 'P3/C17264' does not drive any nets. (LINT-1)
Warning: In design 'b18', cell 'P3/C17263' does not drive any nets. (LINT-1)
Warning: In design 'b18', cell 'P3/C17262' does not drive any nets. (LINT-1)
Warning: In design 'b18', cell 'P3/C17261' does not drive any nets. (LINT-1)
Warning: In design 'b18', cell 'P3/C17091' does not drive any nets. (LINT-1)
Warning: In design 'b18', cell 'P3/C17090' does not drive any nets. (LINT-1)
Warning: In design 'b18', cell 'P3/C17084' does not drive any nets. (LINT-1)
Warning: In design 'b18', cell 'P3/C17083' does not drive any nets. (LINT-1)
Warning: In design 'b18', cell 'P3/C17082' does not drive any nets. (LINT-1)
Warning: In design 'b18', cell 'P3/C17081' does not drive any nets. (LINT-1)
Warning: In design 'b18', cell 'P3/C16911' does not drive any nets. (LINT-1)
Warning: In design 'b18', cell 'P3/C16910' does not drive any nets. (LINT-1)
Warning: In design 'b18', cell 'P3/C16904' does not drive any nets. (LINT-1)
Warning: In design 'b18', cell 'P3/C16903' does not drive any nets. (LINT-1)
Warning: In design 'b18', cell 'P3/C16902' does not drive any nets. (LINT-1)
Warning: In design 'b18', cell 'P3/C16901' does not drive any nets. (LINT-1)
Warning: In design 'b18', cell 'P3/C16731' does not drive any nets. (LINT-1)
Warning: In design 'b18', cell 'P3/C16730' does not drive any nets. (LINT-1)
Warning: In design 'b18', cell 'P3/C16724' does not drive any nets. (LINT-1)
Warning: In design 'b18', cell 'P3/C16723' does not drive any nets. (LINT-1)
Warning: In design 'b18', cell 'P3/C16722' does not drive any nets. (LINT-1)
Warning: In design 'b18', cell 'P3/C16721' does not drive any nets. (LINT-1)
Warning: In design 'b18', cell 'P3/C16551' does not drive any nets. (LINT-1)
Warning: In design 'b18', cell 'P3/C16550' does not drive any nets. (LINT-1)
Warning: In design 'b18', cell 'P3/C16544' does not drive any nets. (LINT-1)
Warning: In design 'b18', cell 'P3/C16543' does not drive any nets. (LINT-1)
Warning: In design 'b18', cell 'P3/C16542' does not drive any nets. (LINT-1)
Warning: In design 'b18', cell 'P3/C16541' does not drive any nets. (LINT-1)
Warning: In design 'b18', cell 'P3/C16371' does not drive any nets. (LINT-1)
Warning: In design 'b18', cell 'P3/C16370' does not drive any nets. (LINT-1)
Warning: In design 'b18', cell 'P3/C16364' does not drive any nets. (LINT-1)
Warning: In design 'b18', cell 'P3/C16363' does not drive any nets. (LINT-1)
Warning: In design 'b18', cell 'P3/C16362' does not drive any nets. (LINT-1)
Warning: In design 'b18', cell 'P3/C16361' does not drive any nets. (LINT-1)
Warning: In design 'b18', cell 'P3/C16191' does not drive any nets. (LINT-1)
Warning: In design 'b18', cell 'P3/C16190' does not drive any nets. (LINT-1)
Warning: In design 'b18', cell 'P3/C16016' does not drive any nets. (LINT-1)
Warning: In design 'b18', cell 'P3/C16015' does not drive any nets. (LINT-1)
Warning: In design 'b18', cell 'P3/C15841' does not drive any nets. (LINT-1)
Warning: In design 'b18', cell 'P3/C15840' does not drive any nets. (LINT-1)
Warning: In design 'b18', cell 'P3/C15834' does not drive any nets. (LINT-1)
Warning: In design 'b18', cell 'P3/C15833' does not drive any nets. (LINT-1)
Warning: In design 'b18', cell 'P3/C15827' does not drive any nets. (LINT-1)
Warning: In design 'b18', cell 'P3/C15826' does not drive any nets. (LINT-1)
Warning: In design 'b18', cell 'P3/C15825' does not drive any nets. (LINT-1)
Warning: In design 'b18', cell 'P3/C15824' does not drive any nets. (LINT-1)
Warning: In design 'b18', cell 'P3/C15654' does not drive any nets. (LINT-1)
Warning: In design 'b18', cell 'P3/C15653' does not drive any nets. (LINT-1)
Warning: In design 'b18', cell 'P3/C15630' does not drive any nets. (LINT-1)
Warning: In design 'b18', cell 'P3/C14843' does not drive any nets. (LINT-1)
Warning: In design 'b18', cell 'P4/C17885' does not drive any nets. (LINT-1)
Warning: In design 'b18', cell 'P4/C17879' does not drive any nets. (LINT-1)
Warning: In design 'b18', cell 'P4/C17873' does not drive any nets. (LINT-1)
Warning: In design 'b18', cell 'P4/C17869' does not drive any nets. (LINT-1)
Warning: In design 'b18', cell 'P4/C17865' does not drive any nets. (LINT-1)
Warning: In design 'b18', cell 'P4/C17862' does not drive any nets. (LINT-1)
Warning: In design 'b18', cell 'P4/C17858' does not drive any nets. (LINT-1)
Warning: In design 'b18', cell 'P4/C17855' does not drive any nets. (LINT-1)
Warning: In design 'b18', cell 'P4/C17852' does not drive any nets. (LINT-1)
Warning: In design 'b18', cell 'P4/C17847' does not drive any nets. (LINT-1)
Warning: In design 'b18', cell 'P4/C17842' does not drive any nets. (LINT-1)
Warning: In design 'b18', cell 'P4/C17839' does not drive any nets. (LINT-1)
Warning: In design 'b18', cell 'P4/C17836' does not drive any nets. (LINT-1)
Warning: In design 'b18', cell 'P4/C17834' does not drive any nets. (LINT-1)
Warning: In design 'b18', cell 'P4/C17831' does not drive any nets. (LINT-1)
Warning: In design 'b18', cell 'P4/C17829' does not drive any nets. (LINT-1)
Warning: In design 'b18', cell 'P4/C17812' does not drive any nets. (LINT-1)
Warning: In design 'b18', cell 'P4/C17811' does not drive any nets. (LINT-1)
Warning: In design 'b18', cell 'P4/C17806' does not drive any nets. (LINT-1)
Warning: In design 'b18', cell 'P4/C17632' does not drive any nets. (LINT-1)
Warning: In design 'b18', cell 'P4/C17630' does not drive any nets. (LINT-1)
Warning: In design 'b18', cell 'P4/C17624' does not drive any nets. (LINT-1)
Warning: In design 'b18', cell 'P4/C17623' does not drive any nets. (LINT-1)
Warning: In design 'b18', cell 'P4/C17622' does not drive any nets. (LINT-1)
Warning: In design 'b18', cell 'P4/C17621' does not drive any nets. (LINT-1)
Warning: In design 'b18', cell 'P4/C17451' does not drive any nets. (LINT-1)
Warning: In design 'b18', cell 'P4/C17450' does not drive any nets. (LINT-1)
Warning: In design 'b18', cell 'P4/C17444' does not drive any nets. (LINT-1)
Warning: In design 'b18', cell 'P4/C17443' does not drive any nets. (LINT-1)
Warning: In design 'b18', cell 'P4/C17442' does not drive any nets. (LINT-1)
Warning: In design 'b18', cell 'P4/C17441' does not drive any nets. (LINT-1)
Warning: In design 'b18', cell 'P4/C17271' does not drive any nets. (LINT-1)
Warning: In design 'b18', cell 'P4/C17270' does not drive any nets. (LINT-1)
Warning: In design 'b18', cell 'P4/C17264' does not drive any nets. (LINT-1)
Warning: In design 'b18', cell 'P4/C17263' does not drive any nets. (LINT-1)
Warning: In design 'b18', cell 'P4/C17262' does not drive any nets. (LINT-1)
Warning: In design 'b18', cell 'P4/C17261' does not drive any nets. (LINT-1)
Warning: In design 'b18', cell 'P4/C17091' does not drive any nets. (LINT-1)
Warning: In design 'b18', cell 'P4/C17090' does not drive any nets. (LINT-1)
Warning: In design 'b18', cell 'P4/C17084' does not drive any nets. (LINT-1)
Warning: In design 'b18', cell 'P4/C17083' does not drive any nets. (LINT-1)
Warning: In design 'b18', cell 'P4/C17082' does not drive any nets. (LINT-1)
Warning: In design 'b18', cell 'P4/C17081' does not drive any nets. (LINT-1)
Warning: In design 'b18', cell 'P4/C16911' does not drive any nets. (LINT-1)
Warning: In design 'b18', cell 'P4/C16910' does not drive any nets. (LINT-1)
Warning: In design 'b18', cell 'P4/C16904' does not drive any nets. (LINT-1)
Warning: In design 'b18', cell 'P4/C16903' does not drive any nets. (LINT-1)
Warning: In design 'b18', cell 'P4/C16902' does not drive any nets. (LINT-1)
Warning: In design 'b18', cell 'P4/C16901' does not drive any nets. (LINT-1)
Warning: In design 'b18', cell 'P4/C16731' does not drive any nets. (LINT-1)
Warning: In design 'b18', cell 'P4/C16730' does not drive any nets. (LINT-1)
Warning: In design 'b18', cell 'P4/C16724' does not drive any nets. (LINT-1)
Warning: In design 'b18', cell 'P4/C16723' does not drive any nets. (LINT-1)
Warning: In design 'b18', cell 'P4/C16722' does not drive any nets. (LINT-1)
Warning: In design 'b18', cell 'P4/C16721' does not drive any nets. (LINT-1)
Warning: In design 'b18', cell 'P4/C16551' does not drive any nets. (LINT-1)
Warning: In design 'b18', cell 'P4/C16550' does not drive any nets. (LINT-1)
Warning: In design 'b18', cell 'P4/C16544' does not drive any nets. (LINT-1)
Warning: In design 'b18', cell 'P4/C16543' does not drive any nets. (LINT-1)
Warning: In design 'b18', cell 'P4/C16542' does not drive any nets. (LINT-1)
Warning: In design 'b18', cell 'P4/C16541' does not drive any nets. (LINT-1)
Warning: In design 'b18', cell 'P4/C16371' does not drive any nets. (LINT-1)
Warning: In design 'b18', cell 'P4/C16370' does not drive any nets. (LINT-1)
Warning: In design 'b18', cell 'P4/C16364' does not drive any nets. (LINT-1)
Warning: In design 'b18', cell 'P4/C16363' does not drive any nets. (LINT-1)
Warning: In design 'b18', cell 'P4/C16362' does not drive any nets. (LINT-1)
Warning: In design 'b18', cell 'P4/C16361' does not drive any nets. (LINT-1)
Warning: In design 'b18', cell 'P4/C16191' does not drive any nets. (LINT-1)
Warning: In design 'b18', cell 'P4/C16190' does not drive any nets. (LINT-1)
Warning: In design 'b18', cell 'P4/C16016' does not drive any nets. (LINT-1)
Warning: In design 'b18', cell 'P4/C16015' does not drive any nets. (LINT-1)
Warning: In design 'b18', cell 'P4/C15841' does not drive any nets. (LINT-1)
Warning: In design 'b18', cell 'P4/C15840' does not drive any nets. (LINT-1)
Warning: In design 'b18', cell 'P4/C15834' does not drive any nets. (LINT-1)
Warning: In design 'b18', cell 'P4/C15833' does not drive any nets. (LINT-1)
Warning: In design 'b18', cell 'P4/C15827' does not drive any nets. (LINT-1)
Warning: In design 'b18', cell 'P4/C15826' does not drive any nets. (LINT-1)
Warning: In design 'b18', cell 'P4/C15825' does not drive any nets. (LINT-1)
Warning: In design 'b18', cell 'P4/C15824' does not drive any nets. (LINT-1)
Warning: In design 'b18', cell 'P4/C15654' does not drive any nets. (LINT-1)
Warning: In design 'b18', cell 'P4/C15653' does not drive any nets. (LINT-1)
Warning: In design 'b18', cell 'P4/C15630' does not drive any nets. (LINT-1)
Warning: In design 'b18', cell 'P4/C14843' does not drive any nets. (LINT-1)
Warning: In design 'b18', net 'P4/addr[19]' driven by pin 'P4/addr_reg[19]/Q' has no loads. (LINT-2)
Warning: In design 'b18', net 'P3/addr[19]' driven by pin 'P3/addr_reg[19]/Q' has no loads. (LINT-2)
Warning: In design 'b18', net 'P2/address2[29]' driven by pin 'P2/C512/Z_29' has no loads. (LINT-2)
Warning: In design 'b18', net 'P2/address2[28]' driven by pin 'P2/C512/Z_28' has no loads. (LINT-2)
Warning: In design 'b18', net 'P2/address2[27]' driven by pin 'P2/C512/Z_27' has no loads. (LINT-2)
Warning: In design 'b18', net 'P2/address2[26]' driven by pin 'P2/C512/Z_26' has no loads. (LINT-2)
Warning: In design 'b18', net 'P2/address2[25]' driven by pin 'P2/C512/Z_25' has no loads. (LINT-2)
Warning: In design 'b18', net 'P2/address2[24]' driven by pin 'P2/C512/Z_24' has no loads. (LINT-2)
Warning: In design 'b18', net 'P2/address2[23]' driven by pin 'P2/C512/Z_23' has no loads. (LINT-2)
Warning: In design 'b18', net 'P2/address2[22]' driven by pin 'P2/C512/Z_22' has no loads. (LINT-2)
Warning: In design 'b18', net 'P2/address2[21]' driven by pin 'P2/C512/Z_21' has no loads. (LINT-2)
Warning: In design 'b18', net 'P2/address2[20]' driven by pin 'P2/C512/Z_20' has no loads. (LINT-2)
Warning: In design 'b18', net 'P2/address2[19]' driven by pin 'P2/C512/Z_19' has no loads. (LINT-2)
Warning: In design 'b18', net 'P1/address2[29]' driven by pin 'P1/C512/Z_29' has no loads. (LINT-2)
Warning: In design 'b18', net 'P1/address2[28]' driven by pin 'P1/C512/Z_28' has no loads. (LINT-2)
Warning: In design 'b18', net 'P1/address2[27]' driven by pin 'P1/C512/Z_27' has no loads. (LINT-2)
Warning: In design 'b18', net 'P1/address2[26]' driven by pin 'P1/C512/Z_26' has no loads. (LINT-2)
Warning: In design 'b18', net 'P1/address2[25]' driven by pin 'P1/C512/Z_25' has no loads. (LINT-2)
Warning: In design 'b18', net 'P1/address2[24]' driven by pin 'P1/C512/Z_24' has no loads. (LINT-2)
Warning: In design 'b18', net 'P1/address2[23]' driven by pin 'P1/C512/Z_23' has no loads. (LINT-2)
Warning: In design 'b18', net 'P1/address2[22]' driven by pin 'P1/C512/Z_22' has no loads. (LINT-2)
Warning: In design 'b18', net 'P1/address2[21]' driven by pin 'P1/C512/Z_21' has no loads. (LINT-2)
Warning: In design 'b18', net 'P1/address2[20]' driven by pin 'P1/C512/Z_20' has no loads. (LINT-2)
Warning: In design 'b18', net 'P1/address2[19]' driven by pin 'P1/C512/Z_19' has no loads. (LINT-2)
Warning: In design 'b18', output port 'dout[19]' is connected directly to 'logic 0'. (LINT-52)
1
