 
****************************************
Report : reference
Design : b18
Version: V-2023.12
Date   : Sun May  5 18:53:06 2024
****************************************

Attributes:
    b - black box (unknown)
   bo - allows boundary optimization
    d - dont_touch
   mo - map_only
    h - hierarchical
    n - noncombinational
    r - removable
    s - synthetic operator
    u - contains unmapped logic

Reference          Library       Unit Area   Count    Total Area   Attributes
-----------------------------------------------------------------------------
AND2_X1            typical        1.064000     451    479.864005  
AND3_X1            typical        1.330000      46     61.180002  
AND4_X1            typical        1.596000       5      7.980000  
AOI21_X1           typical        1.064000      46     48.944000  
AOI22_X1           typical        1.330000     144    191.520006  
AOI221_X1          typical        1.596000       6      9.576000  
AOI222_X1          typical        2.128000       6     12.768000  
BUF_X1             typical        0.798000      42     33.515999  
BUF_X2             typical        1.064000       3      3.192000  
CLKBUF_X1          typical        0.798000     229    182.741995  
DFFR_X1            typical        5.320000     738   3926.160127  n
FA_X1              typical        4.256000      52    221.312002  r
HA_X1              typical        2.660000      36     95.760003  r
INV_X1             typical        0.532000     857    455.924004  
MUX2_X1            typical        1.862000      12     22.344000  
NAND2_X1           typical        0.798000    2069   1651.061955  
NAND3_X1           typical        1.064000      42     44.688000  
NAND4_X1           typical        1.330000     292    388.360013  
NOR2_X1            typical        0.798000     878    700.643981  
NOR2_X2            typical        1.330000       4      5.320000  
NOR3_X1            typical        1.064000      23     24.472000  
NOR4_X1            typical        1.330000      22     29.260001  
OAI21_X1           typical        1.064000     114    121.296001  
OAI22_X1           typical        1.330000      48     63.840002  
OAI33_X1           typical        1.862000       4      7.448000  
OAI211_X1          typical        1.330000      55     73.150002  
OAI221_X1          typical        1.596000       2      3.192000  
OR2_X1             typical        1.064000     990   1053.360010  
OR3_X1             typical        1.330000      58     77.140002  
OR4_X1             typical        1.596000      13     20.747999  
OR4_X2             typical        1.862000       1      1.862000  
XNOR2_X1           typical        1.596000     363    579.347984  
XOR2_X1            typical        1.596000     386    616.055983  
-----------------------------------------------------------------------------
Total 33 references                                 11214.028078
1
